[    0.000000] Initializing cgroup subsys cpuset
[    0.000000] Initializing cgroup subsys cpu
[    0.000000] Initializing cgroup subsys cpuacct
[    0.000000] Linux version 4.4.0-131-generic (buildd@lgw01-amd64-015) (gcc version 5.4.0 20160609 (Ubuntu 5.4.0-6ubuntu1~16.04.10) ) #157-Ubuntu SMP Thu Jul 12 15:51:36 UTC 2018 (Ubuntu 4.4.0-131.157-generic 4.4.134)
[    0.000000] Command line: BOOT_IMAGE=/boot/vmlinuz-4.4.0-131-generic root=LABEL=cloudimg-rootfs ro console=tty1 console=ttyS0
[    0.000000] KERNEL supported cpus:
[    0.000000]   Intel GenuineIntel
[    0.000000]   AMD AuthenticAMD
[    0.000000]   Centaur CentaurHauls
[    0.000000] x86/fpu: xstate_offset[2]:  576, xstate_sizes[2]:  256
[    0.000000] x86/fpu: Supporting XSAVE feature 0x01: 'x87 floating point registers'
[    0.000000] x86/fpu: Supporting XSAVE feature 0x02: 'SSE registers'
[    0.000000] x86/fpu: Supporting XSAVE feature 0x04: 'AVX registers'
[    0.000000] x86/fpu: Enabled xstate features 0x7, context size is 832 bytes, using 'standard' format.
[    0.000000] x86/fpu: Using 'eager' FPU context switches.
[    0.000000] e820: BIOS-provided physical RAM map:
[    0.000000] BIOS-e820: [mem 0x0000000000000000-0x000000000009fbff] usable
[    0.000000] BIOS-e820: [mem 0x000000000009fc00-0x000000000009ffff] reserved
[    0.000000] BIOS-e820: [mem0x00000000000f0000-0x00000000000fffff] reserved
[    0.000000] BIOS-e820: [mem 0x0000000000100000-0x000000003ffeffff] usable
[    0.000000] BIOS-e820: [mem 0x000000003fff0000-0x000000003fffffff] ACPI data
[    0.000000] BIOS-e820: [mem 0x00000000fec00000-0x00000000fec00fff] reserved
[    0.000000] BIOS-e820: [mem 0x00000000fee00000-0x00000000fee00fff] reserved
[    0.000000] BIOS-e820: [mem 0x00000000fffc0000-0x00000000ffffffff] reserved
[    0.000000] NX (Execute Disable) protection: active
[    0.000000] SMBIOS 2.5 present.
[    0.000000] Hypervisor detected: KVM
[    0.00000] e820: last_pfn = 0x3fff0 max_arch_pfn = 0x400000000
[    0.000000] MTRR: Disabled
[    0.000000] x86/PAT: MTRRs disabled, skipping PAT initialization too.
[    0.000000] CPU MTRRs all blank - virtualized system.
[    0.000000] x86/PAT: Configuration [0-7]: WB  WT  UC- UC  WB  WT  UC- UC  
[    0.000000] found SMP MP-table at [mem 0x0009fff0-0009ffff] mapped at [ffff88000009fff0]
[    0.000000] Scanning 1 areas for low memory corruption
[    0.000000] RAMDISK: [mem 0x3630c000-0x3717dfff]
[    0.000000] ACPI: Early table checksum verification disabled
[    0.000000] ACPI: RSDP 0x00000000000E0000 000024 (v02 VBOX  )
[    0.000000] ACPI: XSDT 0x000000003FFF0030 00003C (v01 VBOX   VBOXXSDT 00000001 ASL  00000061)
[    0.000000] ACPI: FACP 0x000000003FFF00F0 0000F4 (v04 VBOX   VBOXFACP 00000001 ASL  00000061)
[   0.00000] ACPI: DSDT 0x000000003FFF0470 0021FF (v02 VBOX   VBOXBIOS 00000002 INTL 20100528)
[    0.000000] ACPI: FACS 0x000000003FFF0200 000040
[    0.000000] ACPI: FACS 0x000000003FFF0200 000040
[    0.000000] ACPI: APIC 0x000000003FFF0240 00005C (v02 VBOX   VBOXAPIC 00000001 ASL  00000061)
[    0.000000] ACPI: SSDT 0x000000003FFF02A0 0001CC (v01 VBOX   VBOXCPUT 00000002 INTL 20100528)
[    0.000000] No NUMA configuration found
[    0.000000] Faking a node at [mem 0x0000000000000000-0x000000003ffeffff]
[    0.000000] NODE_DATA(0) allocated [mem 0x3ffeb000-0x3ffeffff]
[    0.000000] kvm-clock: Using msrs 4b564d01 and 4b564d00
[    0.000000] kvm-clock: cpu 0, msr 0:3ffe3001, primary cpu clock
[    0.000000] kvm-clock: using sched offset of 3550894500 cycles
[    0.000000] clocksource: kvm-clock: mask: 0xffffffffffffffff max_cycles: 0x1cd42e4dffb, max_idle_ns: 881590591483 ns
[    0.000000] Zone ranges:
[    0.000000]   DMA      [mem 0x0000000000001000-0x0000000000ffffff]
[    0.000000]   DMA32    [mem 0x0000000001000000-0x000000003ffeffff]
[    0.000000]   NNormal   empty
[    0.000000]   Device   empty
[    0.000000] Movable zone start for each node
[    0.000000] Early memory node ranges
[    0.000000]   node   0: [mem 0x0000000000001000-0x000000000009efff]
[    0.000000]   node   0: [mem 0x0000000000100000-0x000000003ffeffff]
[    0.000000] Initmem setup node 0 [mem 0x0000000000001000-0x000000003ffeffff]
[    0.000000] ACPI: PM-Timer IO Port: 0x4008
[   0.000000] IOAPIC[0]: apic_id 2, version 32, address 0xfec00000, GSI 0-23
[    0.000000] ACPI: INT_SRC_OVR (bus 0 bus_irq 0 global_irq 2 dfl dfl)
[    0.000000] ACPI: INT_SRC_OVR (bus 0 bus_irq 9 global_irq 9 low level)
[    0.000000] Using ACPI (MADT) for SMP configuration information
[    0.000000] smpboot: Allowing 2 CPUs, 0 hotplug CPUs
[    0.000000] PM: Registered nosave memory: [mem 0x00000000-0x00000fff]
[    0.000000] PM: Registered nosave memory: [mem 0x0009f000-0x0009ffff]
[    0.000000] PM: Registered nosave memory: [mem 0x000a0000-0x000effff]
[    0.000000] PM: Registered nosave memory: [mem 0x000f0000-0x000fffff]
[    0.000000] e820: [mem 0x40000000-0xfebfffff] available for PCI devices
[    0.000000] Booting paravirtualized kernel on KVM
[    0.000000] clocksource: refined-jiffies: mask: 0xffffffff max_cycles: 0xffffffff, max_idle_ns: 7645519600211568 ns
[    0.000000] setup_percpu: NR_CPUS:512 nr_cpumask_bits:512 nr_cpu_ids:2 nr_node_ids:1
[    0.000000] PERCPU: Embedded 34 pages/cpu @ffff88003fc00000 s99544 r8192 d31528 u1048576
[    0.000000] PV qspinlock hash table entries: 256 (order: 0, 4096 bytes)
[    0.000000] Built 1 zonelists in Node order, mobility grouping on.  Total pages: 257912
[    0.000000] Policy zone: DMA32
[    0.000000] Kernel command line: BOOT_IMAGE=/boot/vmlinuz-4.4.0-131-generic root=LABEL=cloudimg-rootfs ro console=tty1 console=ttyS0
[    0.000000] PID hash table entries: 4096 (order: 3, 32768 bytes)
[    0.000000] Memory: 997724K/1048120K available (8546K kernel code, 1313K rwdata, 4000K rodata, 1516K init, 1316K bss, 50396K reserved, 0K cma-reserved)
[    0.000000] SLUB: HWalign=64, Order=0-3, MinObjects=0,CPUs=2, Nodes=1
[    0.000000] Kernel/User page tables isolation: enabled
[    0.000000] Hierarchical RCU implementation.
[    0.000000] 	Build-time adjustment of leaf fanout to 64.
[    0.000000] 	RCU restricting CPUs from NR_CPUS=512 to nr_cpu_ids=2.
[    0.000000] RCU: Adjusting geometry for rcu_fanout_leaf=64, nr_cpu_ids=2
[    0.000000] NR_IRQS:33024 nr_irqs:440 16
[    0.000000] Console: colour VGA+ 80x25
[    0.000000] console [tty1] enabled
[    .000000] console [ttyS0] enabled
[    0.000000] tsc: Detected 2712.000 MHz processor
[    0.308053] Calibrating delay loop (skipped) preset value.. 5424.00 BogoMIPS (lpj=10848000)
[    0.309552] pid_max: default: 32768 minimum: 301
[    0.310348] ACPI: Core revision 20150930
[    0.311934] ACPI: 2 ACPI AML tables successfully acired and loaded
[    0.338412] Security Framework initialized
[    0.339167] Yama: becoming mindful.
[    0.339876] AppArmor: AppArmor initialized

[    0.340730] Dentry cache hash table entries: 131072 (order: 8, 1048576 bytes)
[    0.342782] Inode-cache hash table entries: 65536 (order: 7, 524288 bytes)
[    0.344001] Mount-cache hash table entries: 2048 (order: 2, 16384 bytes)
[    0.345109] Mountpoint-cache hash table entries: 2048 (order: 2, 16384 bytes)
[    0.346368] Initializing cgroup subsys io
[    0.347097] Initializing cgroup subsys memory
[    0.347919] Initializing cgroup subsys devices
[    0.348699] Initializing cgroup subsys freezer
[    0.349504] Initializing cgroup subsys net_cls
[    0.350287] Initializing cgroup subsys perf_event
[    0.351106] Initializing cgroup subsys net_prio
[    0.351923] Initializing cgroup subsys hugetlb
[    0.352703] Initializing cgroup subsys pids
[    0.353509] CPU: Physical Processor ID: 0
[    0.354235] CPU: Processor Core ID: 0
[    0.356057] mce: CPU supports 0 MCE banks
[    0.356799] Last level iTLB entries: 4KB 64, 2MB 8, 4MB 8
[    0.357691] Last level dTLB entries: 4KB 64, 2MB 0, 4MB 0, 1GB 4
[    0.358663] Spectre V2 : Mitigation: Full generic retpoline
[    0.359587] Spectre V2 : Speculation control IBPB not-supported IBRS not-supported
[    0.360770] Spectre V2 : Filling RSB on context switch
[    0.361929] Speculative Store Bypass: Vulnerable
[    0.365220] Freeing SMP alternatives memory: 32K
[    0.374130] ftrace: allocating 32245 entries in 126 pages
[    0.432112] smpboot: APIC(0) Converting physical 0 to logical package 0
[    0.434543] smpboot: Max logical packages: 1
[    0.435583] x2apic enabled
[    0.436393] Switched APIC routing to physical x2apic.
[    0.438379] ..TIMER: vector=0x30 apic1=0 pin1=2 apic2=-1 pin2=-1
[    0.547569] smpboot: CPU0: Intel(R) Core(TM) i5-7200U CPU @ 2.50GHz (family: 0x6, model: 0x8e, stepping: 0x9)
[    0.555535] Performance Events: unsupported p6 CPU model 142 no PMU driver, software events only.
[    0.557214] KVM setup paravirtual spinlock
[    0.558664] x86: Booting SMP configuration:
[    0.559458] .... node  #0, CPUs:      #1
[    0.560310] kvm-clock: cpu 1, msr 0:3ffe3041, secondary cpu clock
[    0.568627] mce: CPU supports 0 MCE banks
[    0.571291] x86: Booted up 1 node, 2 CPUs
[    0.579285] smpboot: Total of 2 processors activated (10848.00 BogoMIPS)
[    0.580718] devtmpfs: initialized
[    0.582606] evm: security.selinux
[    0.583253] evm: security.SMACK64
[    0.583935] evm: security.SMACK64EXEC
[    0.584640] evm: security.SMACK64TRANSMUTE
[    0.585388] evm: security.SMACK64MMAP
[    0.586070] evm: security.ima
[    0.586769] evm: security.capability
[    0.587795] clocksource: jiffies: mask: 0xffffffff max_cycles: 0xffffffff, max_idle_ns: 7645041785100000 ns
[    0.592720] futex hash table entries: 512 (order: 3, 32768 bytes)
[    0.593827] pinctrl core: initialized pinctrl subsystem
[    0.594807] RTC time: 12:16:16, date: 08/13/18
[    0.595767] NET: Registered protocol family 16
[    0.609242] cpuidle: using governor ladder
[    0.633681] cpuidle: using governor menu
[    0.649880] PCCT header not found.
[    0.650718] ACPI: bus type PCI registered
[    0.651484] acpiphp: ACPI Hot Plug PCI Controller Driver version: 0.5
[    0.652617] PCI: Using configuration type 1 for base access
[    0.665492] ACPI: Added _OSI(Module Device)
[    0.666503] ACPI: Added _OSI(Processor Device)
[    0.673971] ACPI: Added _OSI(3.0 _SCP Extensions)
[    0.675018] ACPI: Added _OSI(Processor Aggregator Device)
[    0.676925] ACPI: Executed 1 blocks of module-level executable AML code
[    0.680583] ACPI: Interpreter enabled
[    0.681521] ACPI: (supports S0 S5)
[    0.682258] ACPI: Using IOAPIC for interrupt routing
[    0.697728] PCI: Using host bridge windows from ACPI; if necessary, use "pci=nocrs" and report a bug
[    0.704097] ACPI: PCI Root Bridge [PCI0] (domain 0000 [bus 00-ff])
[    0.705440] acpi PNP0A03:00: _OSC: OS supports [ASPM ClockPM Segments MSI]
[    0.706872] acpi PNP0A03:00: _OSC: not requesting OS control; OS requires [ExtendedConfig ASPM ClockPM MSI]
[    0.708953] acpi PNP0A03:00: fail to add MMCONFIG information, can't access extended PCI configuration space under this bridge.
[    0.758731] PCI host bridge to bus 0000:00
[    0.759763] pci_bus 0000:00: root bus resource [io  0x0000-0x0cf7 window]
[    0.799818] pci_bus 0000:00: root bus resource [io  0x0d00-0xffff window]
[    0.809428] pci_bus 0000:00: root bus resource [mem 0x000a0000-0x000bffff window]
[    0.811219] pci_bus 0000:00: root bus resource [mem 0x40000000-0xfdffffff window]
[    0.813046] pci_bus 0000:00: root bus resource [bus 00-ff]
[    0.821392] pci 0000:00:01.1: legacy IDE quirk: reg 0x10: [io  0x01f0-0x01f7]
[    0.828062] pci 0000:00:01.1: legacy IDE quirk: reg 0x14: [io  0x03f6]
[    0.838683] pci 0000:00:01.1: legacy IDE quirk: reg 0x18: [io  0x0170-0x0177]
[    0.840067] pci 0000:00:01.1: legacy IDE quirk: reg 0x1c: [io  0x0376]
[    0.862872] pci 0000:00:07.0: quirk: [io  0x4000-0x403f] claimed by PIIX4 ACPI
[    0.868287] pci 0000:00:07.0: quirk: [io  0x4100-0x410f] claimed by PIIX4 SMB
[    0.878870] ACPI: PCI Interrupt Link [LNKA] (IRQs 5 9 10 *11)
[    0.883619] ACPI: PCI Interrupt Link [LNKB] (IRQs 5 9 *10 11)
[    0.885607] ACPI: PCI Interrupt Link [LNKC] (IRQs 5 *9 10 11)
[    0.893693] ACPI: PCI Interrupt Link [LNKD] (IRQs 5 9 10 *11)
[    0.898772] ACPI: Enabled 2 GPEs in block 00 to 07
[    0.913249] vgaarb: setting as boot device: PCI:0000:00:02.0
[    0.920048] vgaarb: device added: PCI:0000:00:02.0,decodes=io+mem,owns=io+mem,locks=none
[    0.929019] vgaarb: loaded
[    0.929804] vgaarb: bridge control possible 0000:00:02.0
[    0.931236] SCSI subsystem initialized
[    0.936553] ACPI: bus type USB registered
[    0.939514] usbcore: registered new interface driver usbfs
[    0.940749] usbcore: registered new interface driver hub
[    0.941931] usbcore: registered new device driver usb
[    0.944020] PCI: Using ACPI for IRQ routing
[    0.945193] NetLabel: Initializing
[    0.946026] NetLabel:  domain hash size = 128
[    0.946936] NetLabel:  protocols = UNLABELED CIPSOv4
[    0.947910] NetLabel:  unlabeled traffic allowed by default
[    0.949029] amd_nb: Cannot enumerate AMD northbridges
[    0.949931] clocksource: Switched to clocksource kvm-clock
[    0.957511] AppArmor: AppArmor Filesystem Enabled
[  0584]np: PnP ACPI init
[    1.154919] pnp: PnP PI: found 3 devices

[    1.215445] clocksource: acpi_pm: mask: 0xffffff max_cycles: 0xffffff, max_idle_ns: 2085701024 ns
[    1.217061] NET: Registered protocol family 2
[    1.218130] TCP established hash table entries: 8192 (order: 4, 65536 bytes)
[    1.219442] TCP bind hash table entries: 8192 (order: 5, 131072 bytes)
[    1.220904] TCP: Hash tables configured (established 8192 bind 8192)
[    1.222238] UDP hash table entries: 512 (order: 2, 16384 bytes)
[    1.223420] UDP-Lite hash table entries: 512 (order: 2, 16384 bytes)
[    1.224671] NET: Registered protocol family 1
[    1.225587] pci 0000:00:00.0: Limiting direct PCI/PCI transfers
[    1.226759] pci 0000:00:01.0: Activating ISA DMA hang workarounds
[    1.228029] Unpacking initramfs...
[    1.457794] Freeing initrd memory: 14792K
[    1.459115] platform rtc_cmos: registered platform RTC device (no PNP device found)
[    1.461071] Scanning for low memory corruption every 60 seconds
[    1.462551] audit: initializing netlink subsys (disabled)
[    1.463635] audit: type=2000 audit(1534162581.320:1): initialized
[    1.465195] Initialise system trusted keyring
[    1.466132] HugeTLB registered 2 MB page size, pre-allocated 0 pages
[    1.468381] zbud: loaded
[    1.469408] VFS: Disk quotas dquot_6.6.0
[    1.470302] VFS: Dquot-cache hash table entries: 512 (order 0, 4096 bytes)
[    1.471831] squashfs: version 4.0 (2009/01/31) Phillip Lougher
[    1.473508] fuse init (API version 7.23)
[    1.474667] Key type big_key registered
[    1.483635] Allocating IMA MOK and blacklist keyrings.
[    1.486189] Key type asymmetric registered
[    1.487152] Asymmetric key parser 'x509' registered
[    1.488389] Block layer SCSI generic (bsg) driver version 0.4 loaded (major 249)
[    1.490262] io scheduler noop registered
[    1.491177] io scheduler deadline registered (default)
[    1.492223] io scheduler cfq registered
[    1.493119] pci_hotplug: PCI Hot Plug PCI Core version: 0.5
[    1.494238] pciehp: PCI Express Hot Plug Controller Driver version: 0.4
[    1.495586] ACPI: AC Adapter [AC] (on-line)
[    1.496500] input: Power Button as /devices/LNXSYSTM:00/LNXPWRBN:00/input/input0
[    1.501014] ACPI: Power Button [PWRF]
[    1.501872] input: Sleep Button as /devices/LNXSYSTM:00/LNXSLPBN:00/input/input1
[    1.503524] ACPI: Sleep Button [SLPF]
[    1.505055] ACPI: Battery Slot [BAT0] (battery present)
[    1.506123] GHES: HEST is not enabled!
[    1.507071] Serial: 8250/16550 driver, 32 ports, IRQ sharing enabled
[    1.530608] 00:02: ttyS0 at I/O 0x3f8 (irq = 4, base_baud = 115200) is a 16550A
[    1.532990] Linux agpgart interface v0.103
[    1.535145] loop: module loaded
[    1.536770] scsi host0: ata_piix
[    1.544752] scsi host1: ata_piix
[    1.545543] ata1: PATA max UDMA/33 cmd 0x1f0 ctl 0x3f6 bmdma 0xd000 irq 14
[    1.546830] ata2: PATA max UDMA/33 cmd 0x170 ctl 0x376 bmdma 0xd008 irq 15
[    1.548768] libphy: Fixed MDIO Bus: probed
[    1.549951] tun: Universal TUN/TAP device driver, 1.6
[    1.553148] tun: (C) 1999-2004 Max Krasnyansky <maxk@qualcomm.com>
[    1.554452] PPP generic driver version 2.4.2
[    1.561674] ehci_hcd: USB 2.0 'Enhanced' Host Controller (EHCI) Driver
[    1.563126] ehci-pci: EHCI PCI platform driver
[    1.564477] ehci-platform: EHCI generic platform driver
[    1.565581] ohci_hcd: USB 1.1 'Open' Host Controller (OHCI) Driver
[    1.566764] ohci-pci: OHCI PCI platform driver
[    1.567690] ohci-platform: OHCI generic platform driver
[    1.568718] uhci_hcd: USB Universal Host Controller Interface driver
[    1.569968] i8042: PNP: PS/2 Controller [PNP0303:PS2K,PNP0f03:PS2M] at 0x60,0x64 irq 1,12
[    1.572114] serio: i8042 KBD port at 0x60,0x64 irq 1
[    1.573109] serio: i8042 AUX port at 0x60,0x64 irq 12
[    1.574248] mousedev: PS/2 mouse device common for all mice
[    1.575939] rtc_cmos rtc_cmos: rtc core: registered rtc_cmos as rtc0
[    1.577626] input: AT Translated Set 2 keyboard as /devices/platform/i8042/serio0/input/input2
[    1.579748] rtc_cmos rtc_cmos: alarms up to one day, 114 bytes nvram
[    1.581243] i2c /dev entries driver
[    1.582239] device-mapper: uevent: version 1.0.3
[    1.583502] device-mapper: ioctl: 4.34.0-ioctl (2015-10-28) initialised: dm-devel@redhat.com
[    1.585561] ledtrig-cpu: registered to indicate activity on CPUs
[    1.587370] NET: Registered protocol family 10
[    1.588428] NET: Registered protocol family 17
[    1.589339] Key type dns_resolver registered
[    1.590596] registered taskstats version 1
[    1.591467] Loading compiled-in X.509 certificates
[    1.593401] Loaded X.509 cert 'Build time autogenerated kernel key: 8f274abdf49cd12572c1533a34d1eafea768213f'
[    1.595746] zswap: loaded using pool lzo/zbud
[    1.598965] Key type trusted registered
[    1.603501] Key type encrypted registered
[    1.604455] AppArmor: AppArmor sha1 policy hashing enabled
[    1.605736] ima: No TPM chip found, activating TPM-bypass!
[    1.606892] ima: Allocated hash algorithm: sha1
[    1.608123] evm: HMAC attrs: 0x1
[    1.609289]   Magic number: 14:978:278
[    1.610335] tty tty15: hash matches
[    1.611304] rtc_cmos rtc_cmos: setting system clock to 2018-08-13 12:16:17 UTC (1534162577)
[    1.613194] BIOS EDD facility v0.16 2004-Jun-25, 0 devices found
[    1.614530] EDD information not available.
[    1.709354] Freeing unused kernel memory: 1516K
[    1.944227] Write protecting the kernel read-only data: 14336k
[    2.428892] Freeing unused kernel memory: 1680K
[    2.430105] Freeing unused kernel memory: 96K
Loading, please wait...
starting version 229
[    2.444798] random: systemd-udevd: uninitialized urandom read (16 bytes read, 3 bits of entropy available)
[    2.445381] random: udevadm: uninitialized urandom read (16 bytes read, 3 bits of entropy available)
[    2.445408] random: udevadm: uninitialized urandom read (16 bytes read, 3 bits of entropy available)
[    2.452869] random: systemd-udevd: uninitialized urandom read (16 bytes read, 3 bits of entropy available)
[    2.455437] random: udevadm: uninitialized urandom read (16 bytes read, 3 bits of entropy available)
[    2.455475] random: udevadm: uninitialized urandom read (16 bytes read, 3 bits of entropy available)
[    2.455594] random: udevadm: uninitialized urandom read (16 bytes read, 3 bits of entropy available)
[    2.455650] random: udevadm: uninitialized urandom read (16 bytes read, 3 bits of entropy available)
[    2.455738] random: udevadm: uninitialized urandom read (16 bytes read, 3 bits of entropy available)
[    2.455800] random: udevadm: uninitialized urandom read (16 bytes read, 3 bits of entropy available)
[    2.462011] tsc: Refined TSC clocksource calibration: 2711.721 MHz
[    2.462013] clocksource: tsc: mask: 0xffffffffffffffff max_cycles: 0x27167ecf4c7, max_idle_ns: 440795326170 ns
[    2.512837] Fusion MPT base driver 3.04.20
[    2.513773] Copyright (c) 1999-2008 LSI Corporation
[    2.514953] e1000: Intel(R) PRO/1000 Network Driver - version 7.3.21-k8-NAPI
[    2.516251] e1000: Copyright (c) 1999-2006 Intel Corporation.
[    2.527945] Fusion MPT SPI Host driver 3.04.20
[    2.564151] AVX2 version of gcm_enc/dec engaged.
[    2.570577] AES CTR mode by8 optimization enabled
[    2.744841] input: ImExPS/2 Generic Explorer Mouse as /devices/platform/i8042/serio1/input/input4
[    2.907124] e1000 0000:00:03.0 eth0: (PCI:33MHz:32-bit) 02:54:ad:ea:60:2e
[    2.908622] e1000 0000:00:03.0 eth0: Intel(R) PRO/1000 Network Connection
[    2.911828] e1000 0000:00:03.0 enp0s3: renamed from eth0
[    2.913122] mptbase: ioc0: Initiating bringup
[    2.982280] ioc0: LSI53C1030 A0: Capabilities={Initiator}
[    3.143405] scsi host2: ioc0: LSI53C1030 A0, FwRev=00000000h, Ports=1, MaxQ=256, IRQ=20
[    3.254710] scsi 2:0:0:0: Direct-Access     VBOX     HARDDISK         1.0  PQ: 0 ANSI: 5
[    3.256642] scsi target2:0:0: Beginning Domain Validation
[    3.258659] scsi target2:0:0: Domain Validation skipping write tests
[    3.260020] scsi target2:0:0: Ending Domain Validation
[    3.261160] scsi target2:0:0: asynchronous
[    3.269576] scsi 2:0:1:0: Direct-Access     VBOX     HARDDISK         1.0  PQ: 0 ANSI: 5
[    3.283967] scsi target2:0:1: Beginning Domain Validation
[    3.288633] scsi target2:0:1: Domain Validation skipping write tests
[    3.290027] scsi target2:0:1: Ending Domain Validation
[    3.443184] scsi target2:0:1: asynchronous
[    3.448526] sd 2:0:0:0: Attached scsi generic sg0 type 0
[    3.455189] sd 2:0:0:0: [sda] 20971520 512-byte logical blocks: (10.7 GB/10.0 GiB)
[    3.457602] sd 2:0:1:0: [sdb] 20480 512-byte logical blocks: (10.5 MB/10.0 MiB)
[    3.466423] sd 2:0:1:0: Attached scsi generic sg1 type 0
[    3.474107] sd 2:0:0:0: [sda] Write Protect is off
[    3.483604] sd 2:0:0:0: [sda] Incomplete mode parameter data
[    3.483618] sd 2:0:1:0: [sdb] Write Protect is off
[    3.487451] sd 2:0:0:0: [sda] Assuming drive cache: write through
[    3.487502] sd 2:0:1:0: [sdb] Incomplete mode parameter data
[    3.487504] sd 2:0:1:0: [sdb] Assuming drive cache: write through
[    3.495668]  sda: sda1
[    3.496961] sd 2:0:0:0: [sda] Attached SCSI disk
[    3.498499] sd 2:0:1:0: [sdb] Attached SCSI disk
Begin: Loading essential drivers ... [    4.836516] md: linear personality registered for level -1
[    4.841638] md: multipath personality registered for level -4
[    4.845165] md: raid0 personality registered for level 0
[    4.848653] md: raid1 personality registered for level 1
[    4.917944] raid6: sse2x1   gen()  9088 MB/s
[    4.986404] raid6: sse2x1   xor()  7614 MB/s
[    5.066211] raid6: sse2x2   gen() 12515 MB/s
[    5.186075] raid6: sse2x2   xor()  8290 MB/s
[    5.254135] raid6: sse2x4   gen() 11525 MB/s
[    5.342191] raid6: sse2x4   xor()  9697 MB/s
[    5.430303] raid6: avx2x1   gen() 20927 MB/s
[    5.498393] raid6: avx2x2   gen() 23924 MB/s
[    5.582226] raid6: avx2x4   gen() 24749 MB/s
[    5.608082] raid6: using algorithm avx2x4 gen() 24749 MB/s
[    5.642205] raid6: using avx2x2 recovery algorithm
[    5.655544] xor: automatically using best checksumming function:
[    5.698458]    avx       : 22717.000 MB/sec
[    5.710927] async_tx: api initialized (async)
[    5.726102] md: raid6 personality registered for level 6
[    5.727151] md: raid5 personality registered for level 5
[    5.745177] md: raid4 personality registered for level 4
[    5.751362] md: raid10 personality registered for level 10
done.
Begin: Running /scripts/init-premount ... done.
Begin: Mounting root file system ... Begin: Running /scripts/local-top ... done.
Begin: Running /scripts/local-premount ... [    5.778995] Btrfs loaded
Scanning for Btrfs filesystems
done.
Warning: fsck no[    5.814881] EXT4-fs (sda1): INFO: recovery required on readonly filesystem
t present, so sk[    5.828621] EXT4-fs (sda1): write access will be enabled during recovery
ipping root file system
[    5.900975] EXT4-fs (sda1): orphan cleanup on readonly fs
[    5.909694] EXT4-fs (sda1): 28 orphan inodes deleted
[    5.910609] EXT4-fs (sda1): recovery complete
[    5.912218] EXT4-fs (sda1): mounted filesystem with ordered data mode. Opts: (null)
done.
Begin: Running /scripts/local-bottom ... done.
Begin: Running /scripts/init-bottom ... done.
[    6.018317] systemd[1]: systemd 229 running in system mode. (+PAM +AUDIT +SELINUX +IMA +APPARMOR +SMACK +SYSVINIT +UTMP +LIBCRYPTSETUP +GCRYPT +GNUTLS +ACL +XZ -LZ4 +SECCOMP +BLKID +ELFUTILS +KMOD -IDN)
[    6.064306] systemd[1]: Detected virtualization oracle.
[    6.065420] systemd[1]: Detected architecture x86-64.

Welcome to [1mUbuntu 16.04.5 LTS[0m!

[    6.087781] systemd[1]: Set hostname to <ubuntu-xenial>.
[    6.279759] systemd[1]: Listening on /dev/initctl Compatibility Named Pipe.
[[0;32m  OK  [0m] Listening on /dev/initctl Compatibility Named Pipe.
[    6.282935] systemd[1]: Started Forward Password Requests to Wall Directory Watch.
[[0;32m  OK  [0m] Started Forward Password Requests to Wall Directory Watch.
[    6.330477] systemd[1]: Created slice System Slice.
[[0;32m  OK  [0m] Created slice System Slice.
[    6.388072] systemd[1]: Reached target Swap.
[[0;32m  OK  [0m] Reached target Swap.
[    6.414589] systemd[1]: Reached target User and Group Name Lookups.
[[0;32m  OK  [0m] Reached target User and Group Name Lookups.
[    6.509245] systemd[1]: Listening on LVM2 poll daemon socket.
[[0;32m  OK  [0m] Listening on LVM2 poll daemon socket.
[    6.559440] systemd[1]: Listening on LVM2 metadata daemon socket.
[[0;32m  OK  [0m] Listening on LVM2 metadata daemon socket.
[    6.622582] systemd[1]: Created slice User and Session Slice.
[[0;32m  OK  [0m] Created slice User and Session Slice.
[    6.678858] systemd[1]: Listening on udev Control Socket.
[[0;32m  OK  [0m] Listening on udev Control Socket.
[    6.715751] systemd[1]: Reached target Encrypted Volumes.
[[0;32m  OK  [0m] Reached target Encrypted Volumes.
[    6.767734] systemd[1]: Listening on Syslog Socket.
[[0;32m  OK  [0m] Listening on Syslog Socket.
[    6.789234] systemd[1]: Started Trigger resolvconf update for networkd DNS.
[[0;32m  OK  [0m] Started Trigger resolvconf update for networkd DNS.
[    6.831459] systemd[1]: Listening on Journal Audit Socket.
[[0;32m  OK  [0m] Listening on Journal Audit Socket.
[    6.834022] systemd[1]: Listening on udev Kernel Socket.
[[0;32m  OK  [0m] Listening on udev Kernel Socket.
[    6.836279] systemd[1]: Listening on Device-mapper event daemon FIFOs.
[[0;32m  OK  [0m] Listening on Device-mapper event daemon FIFOs.
[    6.845758] systemd[1]: Reached target System Time Synchronized.
[[0;32m  OK  [0m] Reached target System Time Synchronized.
[    6.877709] systemd[1]: Set up automount Arbitrary Executable File Formats File System Automount Point.
[[0;32m  OK  [0m] Set up automount Arbitrary Executab...ats File System Automount Point.
[    6.887111] systemd[1]: Listening on Journal Socket.
[[0;32m  OK  [0m] Listening on Journal Socket.
[    6.911138] systemd[1]: Starting Remount Root and Kernel File Systems...
[    6.934125] EXT4-fs (sda1): re-mounted. Opts: (null)
         Starting Remount Root and Kernel File Systems...
[    6.938480] systemd[1]: Starting Create list of required static device nodes for the current kernel...
         Starting Create list of required st... nodes for the current kernel...
[    6.943594] systemd[1]: Starting Monitoring of LVM2 mirrors, snapshots etc. using dmeventd or progress polling...
         Starting Monitoring of LVM2 mirrors... dmeventd or progress polling...
[    6.967249] systemd[1]: Starting Uncomplicated firewall...
         Starting Uncomplicated firewall...
[    6.970299] systemd[1]: Mounting POSIX Message Queue File System...
         Mounting POSIX Message Queue File System...
[    7.006350] systemd[1]: Starting Load Kernel Modules...
         Starting Load Kernel Modules...
[    7.015033] systemd[1]: Starting Nameserver information manager...
         Starting Nameserver information manager...
[    7.021712] systemd[1]: Mounting Huge Pages File System...
         Mountin[    7.023910] Loading iSCSI transport class v2.0-870.
g Huge Pages Fil[    7.053287] iscsi: registered transport (tcp)
e System...
[    7.084320] random: nonblocking pool is initialized
[    7.106212] systemd[1]: Starting Set console keymap...
         Starting Set console keymap...
[    7.113979] systemd[1]: Mounting Debug File System...
         Mounting Debug File System...
[    7.147146] iscsi: registered transport (iser)
[    7.155044] systemd[1]: Listening on Journal Socket (/dev/log).
[[0;32m  OK  [0m] Listening on Journal Socket (/dev/log).
[    7.198566] systemd[1]: Starting Journal Service...
         Starting Journal Service...
[    7.232746] systemd[1]: Created slice system-serial\x2dgetty.slice.
[[0;32m  OK  [0m] Created slice system-serial\x2dgetty.slice.
[    7.242326] systemd[1]: Reached target Slices.
[[0;32m  OK  [0m] Reached target Slices.
[    7.252733] systemd[1]: Mounted Debug File System.
[[0;32m  OK  [0m] Mounted Debug File System.
[    7.255612] systemd[1]: Mounted POSIX Message Queue File System.
[[0;32m  OK  [0m] Mounted POSIX Message Queue File System.
[    7.274738] systemd[1]: Mounted Huge Pages File System.
[[0;32m  OK  [0m] Mounted Huge Pages File System.
[    7.285125] systemd[1]: Started Journal Service.
[[0;32m  OK  [0m] Started Journal Service.
[[0;32m  OK  [0m] Started Remount Root and Kernel File Systems.
[[0;32m  OK  [0m] Started Create list of required sta...ce nodes for the current kernel.
[[0;32m  OK  [0m] Started Uncomplicated firewall.
[[0;32m  OK  [0m] Started Load Kernel Modules.
[[0;32m  OK  [0m] Started Set console keymap.
[[0;32m  OK  [0m] Started Nameserver information manager.
[[0;32m  OK  [0m] Started LVM2 metadata daemon.
         Mounting FUSE Control File System...
         Starting Apply Kernel Variables...
         Starting Create Static Device Nodes in /dev...
         Starting Load/Save Random Seed...
         Starting udev Coldplug all Devices...
         Starting Flush Journal to Persistent Storage...
[[0;32m  OK  [0m] Mounted FUSE Control File System.
[[0;32m  OK  [0m] Started Apply Kernel Variables.
[[0;32m  OK  [0m] Started Create Static Device Nodes in /dev.
[[0;32m  OK  [0m] Started Load/Save Random Seed.
         Starting udev Kernel Device Manager...
[[0;32m  OK  [0m] Started Flush Journal to Persistent Storage.
[[0;32m  OK  [0m] Started udev Coldplug all Devices.
[[0;32m  OK  [0m] Started udev Kernel Device Manager.
[[0;32m  OK  [0m] Started Dispatch Password Requests to Console Directory Watch.
[[0;32m  OK  [0m] Found device /dev/ttyS0.
[[0;32m  OK  [0m] Listening on Load/Save RF Kill Switch Status /dev/rfkill Watch.
[[0;32m  OK  [0m] Found device 82540EM Gigabit Ethern...r (PRO/1000 MT Desktop Adapter).
[[0;32m  OK  [0m] Started Monitoring of LVM2 mirrors,...ng dmeventd or progress polling.
[[0;32m  OK  [0m] Reached target Local File Systems (Pre).
[[0;32m  OK  [0m] Reached target Local File Systems.
         Starting LSB: AppArmor initialization...
         Starting Set console font and keymap...
         Starting Create Volatile Files and Directories...
         Starting Initial cloud-init job (pre-networking)...
         Starting Tell Plymouth To Write Out Runtime Data...
[[0;32m  OK  [0m] Started Create Volatile Files and Directories.
[[0;32m  OK  [0m] Started Tell Plymouth To Write Out Runtime Data.
         Starting Update UTMP about System Boot/Shutdown...
[[0;32m  OK  [0m] Started Update UTMP about System Boot/Shutdown.
[[0;32m  OK  [0m] Started Set console font and keymap.
[[0;32m  OK  [0m] Created slice system-getty.slice.
[[0;32m  OK  [0m] Started LSB: AppArmor initialization.
[    8.806459] cloud-init[637]: Cloud-init v. 18.3-9-g2e62cb8a-0ubuntu1~16.04.2 running 'init-local' at Mon, 13 Aug 2018 12:16:25 +0000. Up 8.55 seconds.
[[0;32m  OK  [0m] Started Initial cloud-init job (pre-networking).
[[0;32m  OK  [0m] Reached target Network (Pre).
[[0;32m  OK  [0m] Started ifup for enp0s3.
         Starting Raise network interfaces...
[[0;32m  OK  [0m] Started Raise network interfaces.
[[0;32m  OK  [0m] Reached target Network.
         Starting Initial cloud-init job (metadata service crawler)...
[    9.671307] cloud-init[963]: Cloud-init v. 18.3-9-g2e62cb8a-0ubuntu1~16.04.2 running 'init' at Mon, 13 Aug 2018 12:16:25 +0000. Up 9.39 seconds.
[    9.673451] cloud-init[963]: ci-info: ++++++++++++++++++++++++++++++++++++++Net device info++++++++++++++++++++++++++++++++++++++
[    9.675324] cloud-init[963]: ci-info: +--------+------+----------------------------+---------------+--------+-------------------+
[    9.677192] cloud-init[963]: ci-info: | Device |  Up  |          Address           |      Mask     | Scope  |     Hw-Address    |
[    9.769172] cloud-init[963]: ci-info: +--------+------+----------------------------+---------------+--------+-------------------+
[    9.769573] cloud-init[963]: ci-info: | enp0s3 | True |         10.0.2.15          | 255.255.255.0 | global | 02:54:ad:ea:60:2e |
[    9.769969] cloud-init[963]: ci-info: | enp0s3 | True | fe80::54:adff:feea:602e/64 |       .       |  link  | 02:54:ad:ea:60:2e |
[    9.770118] cloud-init[963]: ci-info: |   lo   | True |         127.0.0.1          |   255.0.0.0   |  host  |         .         |
[    9.770291] cloud-init[963]: ci-info: |   lo   | True |          ::1/128           |       .       |  host  |         .         |
[    9.770465] cloud-init[963]: ci-info: +--------+------+----------------------------+---------------+--------+-------------------+
[    9.770820] cloud-init[963]: ci-info: +++++++++++++++++++++++++++Route IPv4 info++++++++++++++++++++++++++++
[    9.770997] cloud-init[963]: ci-info: +-------+-------------+----------+---------------+-----------+-------+
[    9.771165] cloud-init[963]: ci-info: | Route | Destination | Gateway  |    Genmask    | Interface | Flags |
[    9.771339] cloud-init[963]: ci-info: +-------+-------------+----------+---------------+-----------+-------+
[    9.771512] cloud-init[963]: ci-info: |   0   |   0.0.0.0   | 10.0.2.2 |    0.0.0.0    |   enp0s3  |   UG  |
[    9.771702] cloud-init[963]: ci-info: |   1   |   10.0.2.0  | 0.0.0.0  | 255.255.255.0 |   enp0s3  |   U   |
[    9.771869] cloud-init[963]: ci-info: +-------+-------------+----------+---------------+-----------+-------+
[    9.772420] cloud-init[963]: ci-info: +++++++++++++++++++Route IPv6 info+++++++++++++++++++
[    9.772606] cloud-init[963]: ci-info: +-------+-------------+---------+-----------+-------+
[    9.772759] cloud-init[963]: ci-info: | Route | Destination | Gateway | Interface | Flags |
[    9.772933] cloud-init[963]: ci-info: +-------+-------------+---------+-----------+-------+
[    9.773107] cloud-init[963]: ci-info: |   0   |  fe80::/64  |    ::   |   enp0s3  |   U   |
[    9.773280] cloud-init[963]: ci-info: |   3   |   ff00::/8  |    ::   |   enp0s3  |   U   |
[    9.773455] cloud-init[963]: ci-info: +-------+-------------+---------+-----------+-------+
[[0;32m  OK  [0m] Started Initial cloud-init job (metadata service crawler).
[[0;32m  OK  [0m] Reached target System Initialization.
[[0;32m  OK  [0m] Listening on ACPID Listen Socket.
[[0;32m  OK  [0m] Started Daily Cleanup of Temporary Directories.
[[0;32m  OK  [0m] Started Daily apt download activities.
         Starting Socket activation for snappy daemon.
[[0;32m  OK  [0m] Started Daily apt upgrade and clean activities.
[[0;32m  OK  [0m] Reached target Timers.
         Starting LXD - unix socket.
[[0;32m  OK  [0m] Listening on D-Bus System Message Bus Socket.
[[0;32m  OK  [0m] Started ACPI Events Check.
[[0;32m  OK  [0m] Reached target Paths.
[[0;32m  OK  [0m] Listening on UUID daemon activation socket.
         Starting Docker Socket for the API.
[[0;32m  OK  [0m] Reached target Cloud-config availability.
[[0;32m  OK  [0m] Reached target Network is Online.
         Starting iSCSI initiator daemon (iscsid)...
[[0;32m  OK  [0m] Listening on Socket activation for snappy daemon.
[[0;32m  OK  [0m] Listening on LXD - unix socket.
[[0;32m  OK  [0m] Listening on Docker Socket for the API.
[[0;32m  OK  [0m] Reached target Sockets.
[[0;32m  OK  [0m] Reached target Basic System.
[[0;32m  OK  [0m] Started D-Bus System Message Bus.
         Starting Login Service...
[[0;32m  OK  [0m] Started FUSE filesystem for LXC.
[[0;32m  OK  [0m] Started Unattended Upgrades Shutdown.
         Starting LSB: Record successful boot for GRUB...
[[0;32m  OK  [0m] Started Regular background program processing daemon.
         Starting Accounts Service...
         Starting LXD - container startup/shutdown...
[[0;32m  OK  [0m] Started Deferred execution scheduler.
         Starting A high performance web server and a reverse proxy server...
[[0;32m  OK  [0m] Started ACPI event daemon.
         Starting Docker Application Container Engine...
         Starting LSB: MD monitoring daemon...
         Starting /etc/rc.local Compatibility...
         Starting System Logging Service...
         Starting OpenBSD Secure Shell server...
         Starting Snappy daemon...
         Starting Virtualbox guest utils...
[[0;32m  OK  [0m] Started System Logging Service.
[[0;32m  OK  [0m] Started iSCSI initiator daemon (iscsid).
[[0;32m  OK  [0m] Started /etc/rc.local Compatibility.
[[0;32m  OK  [0m] Started OpenBSD Secure Shell server.
[[0;32m  OK  [0m] Started LXD - container startup/shutdown.
[[0;32m  OK  [0m] Started LSB: Record successful boot for GRUB.
[[0;32m  OK  [0m] Started Login Service.
         Starting Authenticate and Authorize Users to Run Privileged Tasks...
         Starting Login to default iSCSI targets...
[[0;32m  OK  [0m] Started LSB: MD monitoring daemon.
[[0;32m  OK  [0m] Started A high performance web server and a reverse proxy server.
[[0;32m  OK  [0m] Started Authenticate and Authorize Users to Run Privileged Tasks.
[[0;32m  OK  [0m] Started Accounts Service.
[[0;32m  OK  [0m] Started Login to default iSCSI targets.
[[0;32m  OK  [0m] Started Virtualbox guest utils.
[[0;32m  OK  [0m] Reached target Remote File Systems (Pre).
[[0;32m  OK  [0m] Reached target Remote File Systems.
         Starting LSB: daemon to balance interrupts for SMP systems...
         Starting LSB: automatic crash report generation...
         Starting LSB: Start Jenkins at boot time...
         Starting LSB: Set the CPU Frequency Scaling governor to "ondemand"...
         Starting Permit User Sessions...
[[0;32m  OK  [0m] Started Permit User Sessions.
         Starting Terminate Plymouth Boot Screen...
         Starting Hold until boot process finishes up...
[[0;32m  OK  [0m] Started Snappy daemon.
[[0;32m  OK  [0m] Started LSB: daemon to balance interrupts for SMP systems.
[[0;32m  OK  [0m] Started LSB: Set the CPU Frequency Scaling governor to "ondemand".
[[0;32m  OK  [0m] Started Hold until boot process finishes up.
[[0;32m  OK  [0m] Started Terminate Plymouth Boot Screen.
         Starting Set console scheme...
[[0;32m  OK  [0m] Started Serial Getty on ttyS0.
[[0;32m  OK  [0m] Started Getty on tty1.
[[0;32m  OK  [0m] Reached target Login Prompts.
         Starting Wait until snapd is fully seeded...
[[0;32m  OK  [0m] Started LSB: automatic crash report generation.
[[0;32m  OK  [0m] Started Set console scheme.
[[0;32m  OK  [0m] Started Wait until snapd is fully seeded.
         Starting Apply the settings specified in cloud-config...
[[0;32m  OK  [0m] Created slice User Slice of vagrant.
         Starting User Manager for UID 1000...
[[0;32m  OK  [0m] Started Session 1 of user vagrant.
[[0;32m  OK  [0m] Started User Manager for UID 1000.
[[0;32m  OK  [0m] Created slice User Slice of jenkins.
         Starting User Manager for UID 112...
[[0;32m  OK  [0m] Started Session c1 of user jenkins.
[[0;32m  OK  [0m] Started User Manager for UID 112.
[   12.155147] cloud-init[1222]: Cloud-init v. 18.3-9-g2e62cb8a-0ubuntu1~16.04.2 running 'modules:config' at Mon, 13 Aug 2018 12:16:28 +0000. Up 11.90 seconds.
[[0;32m  OK  [0m] Started Apply the settings specified in cloud-config.
[[0;32m  OK  [0m] Started Docker Application Container Engine.
[[0;32m  OK  [0m] Started LSB: Start Jenkins at boot time.
[[0;32m  OK  [0m] Reached target Multi-User System.
         Starting Execute cloud user/final scripts...
[[0;32m  OK  [0m] Reached target Graphical Interface.
         Starting Update UTMP about System Runlevel Changes...
[[0;32m  OK  [0m] Started Update UTMP about System Runlevel Changes.
[   13.936608] cloud-init[1546]: Cloud-init v. 18.3-9-g2e62cb8a-0ubuntu1~16.04.2 running 'modules:final' at Mon, 13 Aug 2018 12:16:30 +0000. Up 13.71 seconds.
[   13.949318] cloud-init[1546]: Cloud-init v. 18.3-9-g2e62cb8a-0ubuntu1~16.04.2 finished at Mon, 13 Aug 2018 12:16:30 +0000. Datasource DataSourceNoCloud [seed=/dev/sdb][dsmode=net].  Up 13.93 seconds
[[0;32m  OK  [0m] Started Execute cloud user/final scripts.
         Starting Daily apt download activities...
[[0;32m  OK  [0m] Reached target Cloud-init target.
         Stopping User Manager for UID 1000...
[[0;32m  OK  [0m] Stopped User Manager for UID 1000.
[[0;32m  OK  [0m] Removed slice User Slice of vagrant.

Ubuntu 16.04.5 LTS ubuntu-xenial ttyS0

ubuntu-xenial login: 